> Git是什么？

>Git是目前世界上最先进的分布式版本控制系统（没有之一）。

- 与传统cvs，svn区别


1. 每一个开发人员的电脑上都有一个Local Repository,所以即使没有网络也一样可以Commit，查看历史版本记录，创建项 目分支等操作，等网络再次连接上Push到Server端。
2. Git把内容按元数据方式存储，而SVN是按文件。
3. Git没有一个全局版本号，而SVN有：目前为止这是跟SVN相比Git缺少的最大的一个特征。
4. SVN必须先Update才能Commit，可以看到所有的Log。
5. 强大的分支管理。


###### 创建一个仓库（版本库）

```
// 创建一个仓库
wanss-MacBook-Pro:gittest wans$ git init
// 创建一个本地仓库，裸仓库
wanss-MacBook-Pro:gittest wans$ git --git-dir=lib1.git init --bare

// 获取一个远程git库
wanss-MacBook-Pro:gittest wans$ git clone http://...git

```

> 裸仓库,只保存git历史提交的版本信息，而不允许用户在上面进行各种git操作
这个就是最好把远端仓库初始化成bare仓库的原因。

```
// 添加一个README.md文件
wanss-MacBook-Pro:lib2 wans$ echo "hello git" > README.md
// 将README.md添加到暂存区，等待提交
wanss-MacBook-Pro:lib2 wans$ git add README.md
// 将暂存区内容提交到版本库
wanss-MacBook-Pro:lib2 wans$ git commit -m "hello git"
```

- 工作区与版本库


1. 工作区:项目的目录
2. 版本库:工作区有一个隐藏目录.git目录
3. 暂存区：称为stage（或者叫index），保存版本库中所有通过git add命令添加的修改，可提交状态。


![示意图](http://upload-images.jianshu.io/upload_images/5641702-668d585f00ffe7df.png?imageMogr2/auto-orient/strip%7CimageView2/2/w/1240)

##### 管理修改

1.修改README.md文件后

```
wanss-MacBook-Pro:lib2 wans$ git status
On branch master
Your branch is ahead of 'origin/master' by 1 commit.
  (use "git push" to publish your local commits)
Changes not staged for commit:
  (use "git add <file>..." to update what will be committed)
  (use "git checkout -- <file>..." to discard changes in working directory)

	modified:   README.md

no changes added to commit (use "git add" and/or "git commit -a")
```

2.添加修改到已暂存状态

```
wanss-MacBook-Pro:lib2 wans$ git add README.md
wanss-MacBook-Pro:lib2 wans$ git status
On branch master
Your branch is ahead of 'origin/master' by 1 commit.
  (use "git push" to publish your local commits)
Changes to be committed:
  (use "git reset HEAD <file>..." to unstage)

	modified:   README.md
  ```
3.提交修改
```
wanss-MacBook-Pro:lib2 wans$ git commit -m "modified README.md"
wanss-MacBook-Pro:lib2 wans$ git status
On branch master
Your branch is ahead of 'origin/master' by 1 commit.
  (use "git push" to publish your local commits)
nothing to commit, working tree clean
```
4.提交到远程分支

```
wanss-MacBook-Pro:lib2 wans$ git push origin master
Counting objects: 3, done.
Writing objects: 100% (3/3), 247 bytes | 0 bytes/s, done.
Total 3 (delta 0), reused 0 (delta 0)
To /Users/wans/Documents/gittest/home2/../lib2.git/
   6225363..03f2080  master -> master
wanss-MacBook-Pro:lib2 wans$ git status
On branch master
Your branch is up-to-date with 'origin/master'.
nothing to commit, working tree clean
wanss-MacBook-Pro:lib2 wans$
```

##### 撤销修改

根据工作区/暂存区/版本库的状态跳转图：

![示意图](http://upload-images.jianshu.io/upload_images/5641702-13c3d9ba7faabc7c.png?imageMogr2/auto-orient/strip%7CimageView2/2/w/1240)

> 补充: 从staged >> unstracked: git rm --cached file

1. git revert 撤销 某次操作，此次操作之前和之后的commit和history都会保留，并且把这次撤销。
2. git reset –mixed 默认方式，不带任何参数的git reset,只保留源码，回退commit和index 信息。
3. git reset –soft 回退到某个版本，只回退了commit，不会恢复index file一级，如果需要提交直接commit就好。
4. git reset –hard 回退到某个版本，文件全部回退到当前版本，不可恢复。

> 反撤销：git reflow;git reset —hard commitcode;

##### 分支操作

```
// 创建新分支
git branch dev
// 切换到新分支
git checkout dev
// 创建新分支并切换到新分支
git checkout -b dev
// 放弃当前分支修改切换到新分支
git checkout -f dev
// 查看所有分支
git branch -a

// 删除分支名
git branch -d dev

// 更新远程已删除分支
git fetch -p
// 更新远程新分支
git fetch
// 查看本地分支对应的远程分支关系
git branch -vv

// 获取远程分支
git checkout -b dev origin/dev
```

##### 对比与合并
```
// 将指定分支的修改合入当前分支
git merge dev
// 解决冲突
git mergetool file
// 选择另一分支提交记录合并到当前分支
git cherry-pick commitcode

// 查看尚未暂存的文件的修改
git diff
// 查看已经暂存起来的文件(staged)和上次提交时的快照之间(HEAD)的差异
git diff --cached
// 查看当前和HEAD的差别
git diff HEAD
// 将两个分支最新的提交做对比
git diff master dev

// 查看简单的diff结果 追加--stat

// 比较两次提交的差异
git diff HEAD^ HEAD
git diff SHA1 SHA2
```
> git对比和合并默认在命令行中操作，可配置beyondcompare等第三方可视化比对工具。[配置自定义diff与merge工具](http://www.cnblogs.com/E7868A/archive/2012/12/20/2811409.html)

##### 拉取与推送（pull&&push）

```
// 提交当前暂存区修改
git commit -m "message"
// 提交当前修改与暂存的修改
git commit -a -m "meaage"
// 将当前修改追加到最近一次提交，不生成新的提交记录
git commit --amend

// 推送当前分支到远程仓库(已关联远程分支)
git push
// 未关联远程分支
git push --set-upstream origin dev
// 推送到远程分支（如果远程没有，则创建一个新的分支）
git push origin master
// 推送到远程分支目录
git push origin HEAD:release/3.0

// 拉取远程指定分支
git pull origin master

// 删除远程分支
git push origin :<branchName>
git push origin --delete <branchName>

```

##### 标签

```
// 查看所有tag
git tag

// 当前分支的最新提交打一个tag
git tag release1.0

// 当前分支某一次提交打一个tag
git tag release1.0 commitcode

// 删除标签
git tag -d release1.0

// 推送标签到远程
git push origin <tagname>
// 推送所有标签到远程
git push origin --tags
// 删除远程标签
git push origin :refs/tags/<tagname>
git push origin --delete tag <tagname>

// 获取标签生成新的分支
git checkout -b branch_name tag_name

```

##### 忽略文件（.gitinore）

##### 子模块

```
git submodule add *.git
git submodule init
git submodule update

git clone --recursive *.git
```

##### 参考资料

[Pro Git](https://git-scm.com/book/zh/v2/)

[Git教程](http://www.liaoxuefeng.com/wiki/0013739516305929606dd18361248578c67b8067c8c017b000)

[Git Submodule使用完整教程](https://yq.aliyun.com/articles/27002)

---------

以上主要用于自己总结常用git命令，后续也会持续更新，其中摘录了部分网络的文字与图片，侵删。